// Jest Snapshot v1, https://goo.gl/fbAQLP

exports[`Quiz game Shows answer status 1`] = `
"<div>
  <h1>Quiz app</h1>
  <div data-testid=\\"status\\">You have answered 3 of 10 correctly</div><a href=\\"/question\\"><button>Take a new quiz</button></a>
</div>"
`;

exports[`Quiz game shows question 1`] = `
"<div>
  <h1>Are you happy?</h1>
  <div><button>Yes</button></div>
  <div><button>No</button></div>
  <div><button>Maybe</button></div>
</div>"
`;
